warning: the feature `const_generics` is incomplete and may cause the compiler to crash
  --> $DIR/const-impl.rs:3:12
   |
LL | #![feature(const_generics)]
   |            ^^^^^^^^^^^^^^

