warning: the feature `const_generics` is incomplete and may cause the compiler to crash
  --> $DIR/issue-60813.rs:3:12
   |
LL | #![feature(const_generics)]
   |            ^^^^^^^^^^^^^^

